2026/08/07 15:55:27 main.ps1 script start
2026/08/07 15:55:27 Generated: C:\Users\mili\Documents\TASI\scripting\github\HAP-ICD-HTML\icd_000_data_source_overview\00_data_source_overview.html
2026/08/07 15:55:27 Generated: C:\Users\mili\Documents\TASI\scripting\github\HAP-ICD-HTML\icd_000_data_source_overview\01_data_source_overview_table.html
2026/08/07 15:55:27 Generated: C:\Users\mili\Documents\TASI\scripting\github\HAP-ICD-HTML\icd_000_data_source_overview\main_000.html
2026/08/07 15:55:27 Generated: C:\Users\mili\Documents\TASI\scripting\github\HAP-ICD-HTML\icd_001_actuarial_risk_scores\00_data_source_title_page.html
2026/08/07 15:55:27 Generated: C:\Users\mili\Documents\TASI\scripting\github\HAP-ICD-HTML\icd_001_actuarial_risk_scores\01_interface_overview.html
2026/08/07 15:55:28 Generated: C:\Users\mili\Documents\TASI\scripting\github\HAP-ICD-HTML\icd_001_actuarial_risk_scores\02_file_details.html
2026/08/07 15:55:28 Generated: C:\Users\mili\Documents\TASI\scripting\github\HAP-ICD-HTML\icd_001_actuarial_risk_scores\03_data_transfer_overview.html
2026/08/07 15:55:28 Generated: C:\Users\mili\Documents\TASI\scripting\github\HAP-ICD-HTML\icd_001_actuarial_risk_scores\04_security_privacy.html
2026/08/07 15:55:28 Generated: C:\Users\mili\Documents\TASI\scripting\github\HAP-ICD-HTML\icd_001_actuarial_risk_scores\05_file_layout.html
2026/08/07 15:55:29 Generated: C:\Users\mili\Documents\TASI\scripting\github\HAP-ICD-HTML\icd_001_actuarial_risk_scores\06_data_dictionary.html
2026/08/07 15:55:29 Generated: C:\Users\mili\Documents\TASI\scripting\github\HAP-ICD-HTML\icd_001_actuarial_risk_scores\main_001.html
2026/08/07 15:55:29 Generated: C:\Users\mili\Documents\TASI\scripting\github\HAP-ICD-HTML\icd_002_cms_resdac\00_data_source_title_page.html
2026/08/07 15:55:30 Generated: C:\Users\mili\Documents\TASI\scripting\github\HAP-ICD-HTML\icd_002_cms_resdac\01_interface_overview.html
2026/08/07 15:55:30 Generated: C:\Users\mili\Documents\TASI\scripting\github\HAP-ICD-HTML\icd_002_cms_resdac\02_file_details.html
2026/08/07 15:55:30 Generated: C:\Users\mili\Documents\TASI\scripting\github\HAP-ICD-HTML\icd_002_cms_resdac\03_data_transfer_overview.html
2026/08/07 15:55:30 Generated: C:\Users\mili\Documents\TASI\scripting\github\HAP-ICD-HTML\icd_002_cms_resdac\04_security_privacy.html
2026/08/07 15:55:30 Generated: C:\Users\mili\Documents\TASI\scripting\github\HAP-ICD-HTML\icd_002_cms_resdac\05_file_layout.html
2026/08/07 15:55:40 Generated: C:\Users\mili\Documents\TASI\scripting\github\HAP-ICD-HTML\icd_002_cms_resdac\06_data_dictionary.html
2026/08/07 15:55:49 Generated: C:\Users\mili\Documents\TASI\scripting\github\HAP-ICD-HTML\icd_002_cms_resdac\main_002.html
2026/08/07 15:55:49 Generated: C:\Users\mili\Documents\TASI\scripting\github\HAP-ICD-HTML\icd_003_eutf\00_data_source_title_page.html
2026/08/07 15:55:49 Generated: C:\Users\mili\Documents\TASI\scripting\github\HAP-ICD-HTML\icd_003_eutf\01_interface_overview.html
2026/08/07 15:55:49 Generated: C:\Users\mili\Documents\TASI\scripting\github\HAP-ICD-HTML\icd_003_eutf\02_file_details.html
2026/08/07 15:55:50 Generated: C:\Users\mili\Documents\TASI\scripting\github\HAP-ICD-HTML\icd_003_eutf\03_data_transfer_overview.html
2026/08/07 15:55:50 Generated: C:\Users\mili\Documents\TASI\scripting\github\HAP-ICD-HTML\icd_003_eutf\04_security_privacy.html
2026/08/07 15:55:50 Generated: C:\Users\mili\Documents\TASI\scripting\github\HAP-ICD-HTML\icd_003_eutf\05_file_layout.html
2026/08/07 15:55:50 Generated: C:\Users\mili\Documents\TASI\scripting\github\HAP-ICD-HTML\icd_003_eutf\06_data_dictionary.html
2026/08/07 15:55:51 Generated: C:\Users\mili\Documents\TASI\scripting\github\HAP-ICD-HTML\icd_003_eutf\main_003.html
2026/08/07 15:55:51 Generated: C:\Users\mili\Documents\TASI\scripting\github\HAP-ICD-HTML\icd_004_hiloc\00_data_source_title_page.html
2026/08/07 15:55:51 Generated: C:\Users\mili\Documents\TASI\scripting\github\HAP-ICD-HTML\icd_004_hiloc\01_interface_overview.html
2026/08/07 15:55:51 Generated: C:\Users\mili\Documents\TASI\scripting\github\HAP-ICD-HTML\icd_004_hiloc\02_file_details.html
2026/08/07 15:55:51 Generated: C:\Users\mili\Documents\TASI\scripting\github\HAP-ICD-HTML\icd_004_hiloc\03_data_transfer_overview.html
2026/08/07 15:55:51 Generated: C:\Users\mili\Documents\TASI\scripting\github\HAP-ICD-HTML\icd_004_hiloc\04_security_privacy.html
2026/08/07 15:55:51 Generated: C:\Users\mili\Documents\TASI\scripting\github\HAP-ICD-HTML\icd_004_hiloc\05_file_layout.html
2026/08/07 15:55:52 Generated: C:\Users\mili\Documents\TASI\scripting\github\HAP-ICD-HTML\icd_004_hiloc\06_data_dictionary.html
2026/08/07 15:55:52 Generated: C:\Users\mili\Documents\TASI\scripting\github\HAP-ICD-HTML\icd_004_hiloc\main_004.html
2026/08/07 15:55:52 Generated: C:\Users\mili\Documents\TASI\scripting\github\HAP-ICD-HTML\icd_005_hpmmis\00_data_source_title_page.html
2026/08/07 15:55:52 Generated: C:\Users\mili\Documents\TASI\scripting\github\HAP-ICD-HTML\icd_005_hpmmis\01_interface_overview.html
2026/08/07 15:55:52 Generated: C:\Users\mili\Documents\TASI\scripting\github\HAP-ICD-HTML\icd_005_hpmmis\02_file_details.html
2026/08/07 15:55:53 Generated: C:\Users\mili\Documents\TASI\scripting\github\HAP-ICD-HTML\icd_005_hpmmis\03_data_transfer_overview.html
2026/08/07 15:55:53 Generated: C:\Users\mili\Documents\TASI\scripting\github\HAP-ICD-HTML\icd_005_hpmmis\04_security_privacy.html
2026/08/07 15:55:53 Generated: C:\Users\mili\Documents\TASI\scripting\github\HAP-ICD-HTML\icd_005_hpmmis\05_file_layout.html
2026/08/07 15:55:59 Generated: C:\Users\mili\Documents\TASI\scripting\github\HAP-ICD-HTML\icd_005_hpmmis\06_data_dictionary.html
2026/08/07 15:56:05 Generated: C:\Users\mili\Documents\TASI\scripting\github\HAP-ICD-HTML\icd_005_hpmmis\main_005.html
2026/08/07 15:56:05 Generated: C:\Users\mili\Documents\TASI\scripting\github\HAP-ICD-HTML\icd_006_hoku\01_interface_overview template.html
2026/08/07 15:56:05 Generated: C:\Users\mili\Documents\TASI\scripting\github\HAP-ICD-HTML\icd_006_hoku\01_interface_overview.html
2026/08/07 15:56:06 Generated: C:\Users\mili\Documents\TASI\scripting\github\HAP-ICD-HTML\icd_006_hoku\02_file_details.html
2026/08/07 15:56:06 Generated: C:\Users\mili\Documents\TASI\scripting\github\HAP-ICD-HTML\icd_006_hoku\03_data_transfer_overview.html
2026/08/07 15:56:06 Generated: C:\Users\mili\Documents\TASI\scripting\github\HAP-ICD-HTML\icd_006_hoku\04_security_privacy.html
2026/08/07 15:56:06 Generated: C:\Users\mili\Documents\TASI\scripting\github\HAP-ICD-HTML\icd_006_hoku\05_file_layout.html
2026/08/07 15:56:06 Generated: C:\Users\mili\Documents\TASI\scripting\github\HAP-ICD-HTML\icd_006_hoku\06_data_dictionary_INVENTORY_FUTURE_SCOPE.html
2026/08/07 15:56:06 Generated: C:\Users\mili\Documents\TASI\scripting\github\HAP-ICD-HTML\icd_006_hoku\06_data_dictionary.html
2026/08/07 15:56:06 Generated: C:\Users\mili\Documents\TASI\scripting\github\HAP-ICD-HTML\icd_006_hoku\main_006.html
2026/08/07 15:56:07 Generated: C:\Users\mili\Documents\TASI\scripting\github\HAP-ICD-HTML\icd_007_kolea\01_interface_overview.html
2026/08/07 15:56:07 Generated: C:\Users\mili\Documents\TASI\scripting\github\HAP-ICD-HTML\icd_007_kolea\02_file_details.html
2026/08/07 15:56:07 Generated: C:\Users\mili\Documents\TASI\scripting\github\HAP-ICD-HTML\icd_007_kolea\03_data_transfer_overview.html
2026/08/07 15:56:07 Generated: C:\Users\mili\Documents\TASI\scripting\github\HAP-ICD-HTML\icd_007_kolea\04_security_privacy.html
2026/08/07 15:56:07 Generated: C:\Users\mili\Documents\TASI\scripting\github\HAP-ICD-HTML\icd_007_kolea\05_file_layout.html
2026/08/07 15:56:09 Generated: C:\Users\mili\Documents\TASI\scripting\github\HAP-ICD-HTML\icd_007_kolea\06_data_dictionary.html
2026/08/07 15:56:11 Generated: C:\Users\mili\Documents\TASI\scripting\github\HAP-ICD-HTML\icd_007_kolea\main_007.html
2026/08/07 15:56:11 Generated: C:\Users\mili\Documents\TASI\scripting\github\HAP-ICD-HTML\icd_008_mco_reporting\01_interface_overview.html
2026/08/07 15:56:11 Generated: C:\Users\mili\Documents\TASI\scripting\github\HAP-ICD-HTML\icd_008_mco_reporting\02_file_details.html
2026/08/07 15:56:12 Generated: C:\Users\mili\Documents\TASI\scripting\github\HAP-ICD-HTML\icd_008_mco_reporting\03_data_transfer_overview.html
2026/08/07 15:56:12 Generated: C:\Users\mili\Documents\TASI\scripting\github\HAP-ICD-HTML\icd_008_mco_reporting\04_security_privacy.html
2026/08/07 15:56:12 Generated: C:\Users\mili\Documents\TASI\scripting\github\HAP-ICD-HTML\icd_008_mco_reporting\05_file_layout.html
2026/08/07 15:56:13 Generated: C:\Users\mili\Documents\TASI\scripting\github\HAP-ICD-HTML\icd_008_mco_reporting\06_data_dictionary.html
2026/08/07 15:56:13 Generated: C:\Users\mili\Documents\TASI\scripting\github\HAP-ICD-HTML\icd_008_mco_reporting\main_008.html
2026/08/07 15:56:13 Generated: C:\Users\mili\Documents\TASI\scripting\github\HAP-ICD-HTML\icd_009_wip_medicare_advantage\01_interface_overview.html
2026/08/07 15:56:13 Generated: C:\Users\mili\Documents\TASI\scripting\github\HAP-ICD-HTML\icd_009_wip_medicare_advantage\02_file_details.html
2026/08/07 15:56:13 Generated: C:\Users\mili\Documents\TASI\scripting\github\HAP-ICD-HTML\icd_009_wip_medicare_advantage\03_data_transfer_overview.html
2026/08/07 15:56:13 Generated: C:\Users\mili\Documents\TASI\scripting\github\HAP-ICD-HTML\icd_009_wip_medicare_advantage\04_security_privacy.html
2026/08/07 15:56:14 ERROR attempted to generate C:\Users\mili\Documents\TASI\scripting\github\HAP-ICD-HTML\icd_009_wip_medicare_advantage\05_file_layout.html: typst html compile with error message: error: unclosed delimiter   ┌─ \\?\C:\Users\mili\Documents\TASI\scripting\github\HAP-ICD-HTML\icd_009_wip_medicare_advantage\05_file_layout.typ:3:7   │ 3 │ #figure(   │        ^  error: unclosed delimiter   ┌─ \\?\C:\Users\mili\Documents\TASI\scripting\github\HAP-ICD-HTML\icd_009_wip_medicare_advantage\05_file_layout.typ:4:7   │ 4 │   table(   │        ^  error: unclosed delimiter    ┌─ \\?\C:\Users\mili\Documents\TASI\scripting\github\HAP-ICD-HTML\icd_009_wip_medicare_advantage\05_file_layout.typ:12:61    │ 12 │     [File Naming Convention], [ICD_009_WIP_Medicare_Advantage_\[YYYYMMDD].csv],    │                                                              ^  error: unexpected closing bracket    ┌─ \\?\C:\Users\mili\Documents\TASI\scripting\github\HAP-ICD-HTML\icd_009_wip_medicare_advantage\05_file_layout.typ:12:77    │ 12 │     [File Naming Convention], [ICD_009_WIP_Medicare_Advantage_\[YYYYMMDD].csv],    │                                                                              ^    │    = hint: try using a backslash escape: \]  warning: html export is under active development and incomplete  = hint: its behaviour may change at any time  = hint: do not rely on this feature for production use cases  = hint: see https://github.com/typst/typst/issues/5512 for more information 
2026/08/07 15:56:14 ERROR attempted to generate C:\Users\mili\Documents\TASI\scripting\github\HAP-ICD-HTML\icd_009_wip_medicare_advantage\main_009.html: typst html compile with error message: error: unclosed delimiter   ┌─ \\?\C:\Users\mili\Documents\TASI\scripting\github\HAP-ICD-HTML\icd_009_wip_medicare_advantage\05_file_layout.typ:3:7   │ 3 │ #figure(   │        ^    while including `05_file_layout.typ` at \\?\C:\Users\mili\Documents\TASI\scripting\github\HAP-ICD-HTML\icd_009_wip_medicare_advantage\main_009.typ:7:1     include "05_file_layout.typ"  error: unclosed delimiter   ┌─ \\?\C:\Users\mili\Documents\TASI\scripting\github\HAP-ICD-HTML\icd_009_wip_medicare_advantage\05_file_layout.typ:4:7   │ 4 │   table(   │        ^    while including `05_file_layout.typ` at \\?\C:\Users\mili\Documents\TASI\scripting\github\HAP-ICD-HTML\icd_009_wip_medicare_advantage\main_009.typ:7:1     include "05_file_layout.typ"  error: unclosed delimiter    ┌─ \\?\C:\Users\mili\Documents\TASI\scripting\github\HAP-ICD-HTML\icd_009_wip_medicare_advantage\05_file_layout.typ:12:61    │ 12 │     [File Naming Convention], [ICD_009_WIP_Medicare_Advantage_\[YYYYMMDD].csv],    │                                                              ^    while including `05_file_layout.typ` at \\?\C:\Users\mili\Documents\TASI\scripting\github\HAP-ICD-HTML\icd_009_wip_medicare_advantage\main_009.typ:7:1     include "05_file_layout.typ"  error: unexpected closing bracket    ┌─ \\?\C:\Users\mili\Documents\TASI\scripting\github\HAP-ICD-HTML\icd_009_wip_medicare_advantage\05_file_layout.typ:12:77    │ 12 │     [File Naming Convention], [ICD_009_WIP_Medicare_Advantage_\[YYYYMMDD].csv],    │                                                                              ^    │    = hint: try using a backslash escape: \]    while including `05_file_layout.typ` at \\?\C:\Users\mili\Documents\TASI\scripting\github\HAP-ICD-HTML\icd_009_wip_medicare_advantage\main_009.typ:7:1     include "05_file_layout.typ"  warning: html export is under active development and incomplete  = hint: its behaviour may change at any time  = hint: do not rely on this feature for production use cases  = hint: see https://github.com/typst/typst/issues/5512 for more information 
2026/08/07 15:56:14 Generated: C:\Users\mili\Documents\TASI\scripting\github\HAP-ICD-HTML\icd_010_mco_quality\01_interface_overview.html
2026/08/07 15:56:14 Generated: C:\Users\mili\Documents\TASI\scripting\github\HAP-ICD-HTML\icd_010_mco_quality\02_file_details.html
2026/08/07 15:56:14 Generated: C:\Users\mili\Documents\TASI\scripting\github\HAP-ICD-HTML\icd_010_mco_quality\03_data_transfer_overview.html
2026/08/07 15:56:14 Generated: C:\Users\mili\Documents\TASI\scripting\github\HAP-ICD-HTML\icd_010_mco_quality\04_security_privacy.html
2026/08/07 15:56:14 Generated: C:\Users\mili\Documents\TASI\scripting\github\HAP-ICD-HTML\icd_010_mco_quality\05_file_layout.html
2026/08/07 15:56:15 Generated: C:\Users\mili\Documents\TASI\scripting\github\HAP-ICD-HTML\icd_010_mco_quality\06_data_dictionary.html
2026/08/07 15:56:15 Generated: C:\Users\mili\Documents\TASI\scripting\github\HAP-ICD-HTML\icd_010_mco_quality\main_010.html
2026/08/07 15:56:15 Generated: C:\Users\mili\Documents\TASI\scripting\github\HAP-ICD-HTML\icd_011_cms_mma\01_interface_overview.html
2026/08/07 15:56:16 Generated: C:\Users\mili\Documents\TASI\scripting\github\HAP-ICD-HTML\icd_011_cms_mma\02_file_details.html
2026/08/07 15:56:16 Generated: C:\Users\mili\Documents\TASI\scripting\github\HAP-ICD-HTML\icd_011_cms_mma\03_data_transfer_overview.html
2026/08/07 15:56:16 Generated: C:\Users\mili\Documents\TASI\scripting\github\HAP-ICD-HTML\icd_011_cms_mma\04_security_privacy.html
2026/08/07 15:56:16 Generated: C:\Users\mili\Documents\TASI\scripting\github\HAP-ICD-HTML\icd_011_cms_mma\05_file_layout.html
2026/08/07 15:56:16 Generated: C:\Users\mili\Documents\TASI\scripting\github\HAP-ICD-HTML\icd_011_cms_mma\06_data_dictionary.html
2026/08/07 15:56:17 Generated: C:\Users\mili\Documents\TASI\scripting\github\HAP-ICD-HTML\icd_011_cms_mma\main_011.html
2026/08/07 15:56:17 Generated: C:\Users\mili\Documents\TASI\scripting\github\HAP-ICD-HTML\icd_012_t_msis\00_data_source_title_page.html
2026/08/07 15:56:17 Generated: C:\Users\mili\Documents\TASI\scripting\github\HAP-ICD-HTML\icd_012_t_msis\01_interface_overview.html
2026/08/07 15:56:17 Generated: C:\Users\mili\Documents\TASI\scripting\github\HAP-ICD-HTML\icd_012_t_msis\02_file_details.html
2026/08/07 15:56:17 Generated: C:\Users\mili\Documents\TASI\scripting\github\HAP-ICD-HTML\icd_012_t_msis\03_data_transfer_overview.html
2026/08/07 15:56:17 Generated: C:\Users\mili\Documents\TASI\scripting\github\HAP-ICD-HTML\icd_012_t_msis\04_security_privacy.html
2026/08/07 15:56:18 Generated: C:\Users\mili\Documents\TASI\scripting\github\HAP-ICD-HTML\icd_012_t_msis\05_file_layout.html
2026/08/07 15:56:21 Generated: C:\Users\mili\Documents\TASI\scripting\github\HAP-ICD-HTML\icd_012_t_msis\06_data_dictionary.html
2026/08/07 15:56:23 Generated: C:\Users\mili\Documents\TASI\scripting\github\HAP-ICD-HTML\icd_012_t_msis\main_012.html
2026/08/07 15:56:23 Generated index.html
2026/08/07 15:56:23 Generated compile_html_files.ps1
2026/08/07 15:56:24 Inserted CSS reference into HTML Files
2026/08/07 15:56:24 Compiled HTML ICD files successfully.
2026/08/07 15:56:57 Compiled main.typ successfully.
